python : Creating 
test database for 
alias 'default' ('fil
e:memorydb_default?mo
de=memory&cache=share
d')...
At line:1 char:1
+ python manage.py 
test materials.tests.
MaterialsTestCase -v 
2 > test_o ...
+ ~~~~~~~~~~~~~~~~~~~
~~~~~~~~~~~~~~~~~~~~~
~~~~~~~~~~~~~~~~~~~~~
~~~~~~~~
    + CategoryInfo   
           : NotSpe  
  cified: (Creatin   
 g test d...che=s    
hared')...:Strin    
g) [], RemoteExc    
eption
    + FullyQualified 
   ErrorId : Native  
  CommandError
 

Found 6 test(s).
Operations to perform:
  Synchronize unmigrated apps: django_filters, messages, rest_framework, rest_framework_simplejwt, staticfiles
  Apply all migrations: admin, auth, contenttypes, core, materials, sessions, users
Synchronizing apps without migrations:
  Creating tables...
    Running deferred SQL...
Running migrations:
  Applying contenttypes.0001_initial... OK
  Applying contenttypes.0002_remove_content_type_name... OK
  Applying auth.0001_initial... OK
  Applying auth.0002_alter_permission_name_max_length... OK
  Applying auth.0003_alter_user_email_max_length... OK
  Applying auth.0004_alter_user_username_opts... OK
  Applying auth.0005_alter_user_last_login_null... OK
  Applying auth.0006_require_contenttypes_0002... OK
  Applying auth.0007_alter_validators_add_error_messages... OK
  Applying auth.0008_alter_user_username_max_length... OK
  Applying auth.0009_alter_user_last_name_max_length... OK
  Applying auth.0010_alter_group_name_max_length... OK
  Applying auth.0011_update_proxy_permissions... OK
  Applying auth.0012_alter_user_first_name_max_length... OK
  Applying users.0001_initial... OK
  Applying admin.0001_initial... OK
  Applying admin.0002_logentry_remove_auto_add... OK
  Applying admin.0003_logentry_add_action_flag_choices... OK
  Applying core.0001_initial... OK
  Applying core.0002_lesson_well... OK
  Applying core.0003_delete_lesson_delete_well... OK
  Applying materials.0001_initial... OK
  Applying materials.0002_course_owner_lesson_owner_alter_course_name... OK
  Applying sessions.0001_initial... OK
test_course_create (m
aterials.tests.Materi
alsTestCase.test_cour
se_create) ... ERROR
test_course_list (mat
erials.tests.Material
sTestCase.test_course
_list) ... ERROR
test_lesson_create (m
aterials.tests.Materi
alsTestCase.test_less
on_create) ... ERROR
test_lesson_create_in
valid_video (material
s.tests.MaterialsTest
Case.test_lesson_crea
te_invalid_video) 
... ERROR
test_moderator_permis
sions (materials.test
s.MaterialsTestCase.t
est_moderator_permiss
ions) ... ERROR
test_subscription_tog
gle (materials.tests.
MaterialsTestCase.tes
t_subscription_toggle
) ... ERROR

=====================
=====================
=====================
=======
ERROR: 
test_course_create (m
aterials.tests.Materi
alsTestCase.test_cour
se_create)
---------------------
---------------------
---------------------
-------
Traceback (most 
recent call last):
  File "C:\Users\DELL
\Desktop\d\materials\
tests.py", line 12, 
in setUp
    self.user = User.
objects.create_user(e
mail='test@example.co
m', password='testpas
sword')
                ^^^^^
^^^^^^^^^^^^^^^^^^^^^
^^^^^^^^^^^^^^^^^^^^^
^^^^^^^^^^^^^^^^^^^^^
^^^^^^^
TypeError: UserManage
r.create_user() 
missing 1 required 
positional argument: 
'username'

=====================
=====================
=====================
=======
ERROR: 
test_course_list (mat
erials.tests.Material
sTestCase.test_course
_list)
---------------------
---------------------
---------------------
-------
Traceback (most 
recent call last):
  File "C:\Users\DELL
\Desktop\d\materials\
tests.py", line 12, 
in setUp
    self.user = User.
objects.create_user(e
mail='test@example.co
m', password='testpas
sword')
                ^^^^^
^^^^^^^^^^^^^^^^^^^^^
^^^^^^^^^^^^^^^^^^^^^
^^^^^^^^^^^^^^^^^^^^^
^^^^^^^
TypeError: UserManage
r.create_user() 
missing 1 required 
positional argument: 
'username'

=====================
=====================
=====================
=======
ERROR: 
test_lesson_create (m
aterials.tests.Materi
alsTestCase.test_less
on_create)
---------------------
---------------------
---------------------
-------
Traceback (most 
recent call last):
  File "C:\Users\DELL
\Desktop\d\materials\
tests.py", line 12, 
in setUp
    self.user = User.
objects.create_user(e
mail='test@example.co
m', password='testpas
sword')
                ^^^^^
^^^^^^^^^^^^^^^^^^^^^
^^^^^^^^^^^^^^^^^^^^^
^^^^^^^^^^^^^^^^^^^^^
^^^^^^^
TypeError: UserManage
r.create_user() 
missing 1 required 
positional argument: 
'username'

=====================
=====================
=====================
=======
ERROR: test_lesson_cr
eate_invalid_video (m
aterials.tests.Materi
alsTestCase.test_less
on_create_invalid_vid
eo)
---------------------
---------------------
---------------------
-------
Traceback (most 
recent call last):
  File "C:\Users\DELL
\Desktop\d\materials\
tests.py", line 12, 
in setUp
    self.user = User.
objects.create_user(e
mail='test@example.co
m', password='testpas
sword')
                ^^^^^
^^^^^^^^^^^^^^^^^^^^^
^^^^^^^^^^^^^^^^^^^^^
^^^^^^^^^^^^^^^^^^^^^
^^^^^^^
TypeError: UserManage
r.create_user() 
missing 1 required 
positional argument: 
'username'

=====================
=====================
=====================
=======
ERROR: test_moderator
_permissions (materia
ls.tests.MaterialsTes
tCase.test_moderator_
permissions)
---------------------
---------------------
---------------------
-------
Traceback (most 
recent call last):
  File "C:\Users\DELL
\Desktop\d\materials\
tests.py", line 12, 
in setUp
    self.user = User.
objects.create_user(e
mail='test@example.co
m', password='testpas
sword')
                ^^^^^
^^^^^^^^^^^^^^^^^^^^^
^^^^^^^^^^^^^^^^^^^^^
^^^^^^^^^^^^^^^^^^^^^
^^^^^^^
TypeError: UserManage
r.create_user() 
missing 1 required 
positional argument: 
'username'

=====================
=====================
=====================
=======
ERROR: test_subscript
ion_toggle (materials
.tests.MaterialsTestC
ase.test_subscription
_toggle)
---------------------
---------------------
---------------------
-------
Traceback (most 
recent call last):
  File "C:\Users\DELL
\Desktop\d\materials\
tests.py", line 12, 
in setUp
    self.user = User.
objects.create_user(e
mail='test@example.co
m', password='testpas
sword')
                ^^^^^
^^^^^^^^^^^^^^^^^^^^^
^^^^^^^^^^^^^^^^^^^^^
^^^^^^^^^^^^^^^^^^^^^
^^^^^^^
TypeError: UserManage
r.create_user() 
missing 1 required 
positional argument: 
'username'

---------------------
---------------------
---------------------
-------
Ran 6 tests in 0.004s

FAILED (errors=6)
Destroying test 
database for alias 
'default' ('file:memo
rydb_default?mode=mem
ory&cache=shared')...

  Applying users.0002_payment... OK
System check identified no issues (0 silenced).
